\BOOKMARK [1][-]{section.1}{\376\377\000T\000a\000s\000k\000\040\0001\000\040\040\024\000\040\000C\000l\000a\000s\000s\000i\000f\000i\000c\000a\000t\000i\000o\000n\000\040\000A\000l\000g\000o\000r\000i\000t\000h\000m\000s}{}% 1
\BOOKMARK [2][-]{subsection.1.1}{\376\377\000T\000h\000e\000o\000r\000e\000t\000i\000c\000a\000l\000\040\000s\000u\000m\000m\000a\000r\000i\000e\000s}{section.1}% 2
\BOOKMARK [3][-]{subsubsection.1.1.1}{\376\377\000k\000-\000N\000e\000a\000r\000e\000s\000t\000\040\000N\000e\000i\000g\000h\000b\000o\000r\000s\000\040\000\050\000k\000-\000N\000N\000\051}{subsection.1.1}% 3
\BOOKMARK [3][-]{subsubsection.1.1.2}{\376\377\000D\000e\000c\000i\000s\000i\000o\000n\000\040\000T\000r\000e\000e\000s}{subsection.1.1}% 4
\BOOKMARK [3][-]{subsubsection.1.1.3}{\376\377\000R\000a\000n\000d\000o\000m\000\040\000F\000o\000r\000e\000s\000t}{subsection.1.1}% 5
\BOOKMARK [3][-]{subsubsection.1.1.4}{\376\377\000S\000u\000p\000p\000o\000r\000t\000\040\000V\000e\000c\000t\000o\000r\000\040\000M\000a\000c\000h\000i\000n\000e\000s\000\040\000\050\000S\000V\000M\000\051}{subsection.1.1}% 6
\BOOKMARK [3][-]{subsubsection.1.1.5}{\376\377\000L\000o\000g\000i\000s\000t\000i\000c\000\040\000R\000e\000g\000r\000e\000s\000s\000i\000o\000n}{subsection.1.1}% 7
\BOOKMARK [3][-]{subsubsection.1.1.6}{\376\377\000N\000a\000i\000v\000e\000\040\000B\000a\000y\000e\000s}{subsection.1.1}% 8
\BOOKMARK [2][-]{subsection.1.2}{\376\377\000C\000o\000m\000p\000a\000r\000i\000s\000o\000n\000\040\000t\000a\000b\000l\000e}{section.1}% 9
\BOOKMARK [2][-]{subsection.1.3}{\376\377\000A\000l\000g\000o\000r\000i\000t\000h\000m\000\040\000d\000e\000e\000p\000\040\000d\000i\000v\000e\000:\000\040\000L\000o\000g\000i\000s\000t\000i\000c\000\040\000r\000e\000g\000r\000e\000s\000s\000i\000o\000n}{section.1}% 10
\BOOKMARK [3][-]{subsubsection.1.3.1}{\376\377\000D\000e\000r\000i\000v\000a\000t\000i\000o\000n\000\040\000s\000k\000e\000t\000c\000h}{subsection.1.3}% 11
\BOOKMARK [3][-]{subsubsection.1.3.2}{\376\377\000H\000a\000n\000d\000-\000c\000r\000a\000f\000t\000e\000d\000\040\000t\000o\000y\000\040\000e\000x\000a\000m\000p\000l\000e}{subsection.1.3}% 12
\BOOKMARK [3][-]{subsubsection.1.3.3}{\376\377\000O\000v\000e\000r\000f\000i\000t\000t\000i\000n\000g\000\040\000a\000n\000d\000\040\000u\000n\000d\000e\000r\000f\000i\000t\000t\000i\000n\000g}{subsection.1.3}% 13
\BOOKMARK [1][-]{section.2}{\376\377\000T\000a\000s\000k\000\040\0002\000\040\040\024\000\040\000P\000y\000t\000h\000o\000n\000\040\000i\000m\000p\000l\000e\000m\000e\000n\000t\000a\000t\000i\000o\000n\000\040\000o\000f\000\040\000c\000l\000a\000s\000s\000i\000f\000i\000c\000a\000t\000i\000o\000n\000\040\000m\000o\000d\000e\000l\000s}{}% 14
\BOOKMARK [2][-]{subsection.2.1}{\376\377\000D\000a\000t\000a\000s\000e\000t\000\040\000c\000h\000o\000i\000c\000e\000s}{section.2}% 15
\BOOKMARK [2][-]{subsection.2.2}{\376\377\000P\000r\000e\000p\000r\000o\000c\000e\000s\000s\000i\000n\000g\000\040\000r\000a\000t\000i\000o\000n\000a\000l\000e}{section.2}% 16
\BOOKMARK [2][-]{subsection.2.3}{\376\377\000M\000o\000d\000e\000l\000s\000\040\000a\000n\000d\000\040\000t\000u\000n\000i\000n\000g}{section.2}% 17
\BOOKMARK [2][-]{subsection.2.4}{\376\377\000E\000v\000a\000l\000u\000a\000t\000i\000o\000n\000\040\000p\000r\000o\000t\000o\000c\000o\000l}{section.2}% 18
\BOOKMARK [1][-]{section.3}{\376\377\000T\000a\000s\000k\000\040\0003\000\040\040\024\000\040\000D\000i\000m\000e\000n\000s\000i\000o\000n\000a\000l\000i\000t\000y\000\040\000r\000e\000d\000u\000c\000t\000i\000o\000n}{}% 19
\BOOKMARK [2][-]{subsection.3.1}{\376\377\000T\000h\000e\000o\000r\000e\000t\000i\000c\000a\000l\000\040\000b\000a\000c\000k\000g\000r\000o\000u\000n\000d\000\040\000\050\000P\000C\000A\000\040\000a\000n\000d\000\040\000t\000-\000S\000N\000E\000\051}{section.3}% 20
\BOOKMARK [2][-]{subsection.3.2}{\376\377\000P\000r\000a\000c\000t\000i\000c\000a\000l\000\040\000a\000p\000p\000l\000i\000c\000a\000t\000i\000o\000n}{section.3}% 21
\BOOKMARK [2][-]{subsection.3.3}{\376\377\000A\000n\000a\000l\000y\000s\000i\000s\000\040\000\050\0003\0000\0000\040\023\0004\0000\0000\000\040\000w\000o\000r\000d\000s\000\051}{section.3}% 22
\BOOKMARK [1][-]{section.4}{\376\377\000T\000a\000s\000k\000\040\0004\000\040\040\024\000\040\000D\000e\000e\000p\000\040\000l\000e\000a\000r\000n\000i\000n\000g\000\040\000f\000u\000n\000d\000a\000m\000e\000n\000t\000a\000l\000s}{}% 23
\BOOKMARK [2][-]{subsection.4.1}{\376\377\000M\000L\000P\000\040\000a\000r\000c\000h\000i\000t\000e\000c\000t\000u\000r\000e}{section.4}% 24
\BOOKMARK [2][-]{subsection.4.2}{\376\377\000O\000p\000t\000i\000m\000i\000z\000e\000r\000\040\000s\000t\000u\000d\000y}{section.4}% 25
\BOOKMARK [2][-]{subsection.4.3}{\376\377\000C\000o\000r\000e\000\040\000c\000o\000n\000c\000e\000p\000t\000\040\000d\000e\000m\000o\000n\000s\000t\000r\000a\000t\000i\000o\000n\000s}{section.4}% 26
\BOOKMARK [2][-]{subsection.4.4}{\376\377\000C\000o\000n\000c\000e\000p\000t\000u\000a\000l\000\040\000q\000u\000e\000s\000t\000i\000o\000n\000s}{section.4}% 27
\BOOKMARK [1][-]{section.5}{\376\377\000T\000a\000s\000k\000\040\0005\000\040\040\024\000\040\000C\000o\000n\000v\000o\000l\000u\000t\000i\000o\000n\000a\000l\000\040\000n\000e\000u\000r\000a\000l\000\040\000n\000e\000t\000w\000o\000r\000k\000s}{}% 28
\BOOKMARK [2][-]{subsection.5.1}{\376\377\000C\000u\000s\000t\000o\000m\000\040\000C\000N\000N\000\040\000a\000r\000c\000h\000i\000t\000e\000c\000t\000u\000r\000e}{section.5}% 29
\BOOKMARK [2][-]{subsection.5.2}{\376\377\000T\000r\000a\000i\000n\000i\000n\000g\000\040\000a\000n\000d\000\040\000e\000v\000a\000l\000u\000a\000t\000i\000o\000n}{section.5}% 30
\BOOKMARK [2][-]{subsection.5.3}{\376\377\000T\000r\000a\000n\000s\000f\000e\000r\000\040\000l\000e\000a\000r\000n\000i\000n\000g}{section.5}% 31
\BOOKMARK [2][-]{subsection.5.4}{\376\377\000V\000i\000s\000u\000a\000l\000i\000z\000a\000t\000i\000o\000n}{section.5}% 32
\BOOKMARK [1][-]{section.6}{\376\377\000T\000a\000s\000k\000\040\0006\000\040\040\024\000\040\000G\000e\000n\000e\000r\000a\000l\000\040\000o\000v\000e\000r\000v\000i\000e\000w\000\040\000a\000n\000d\000\040\000i\000n\000t\000e\000g\000r\000a\000t\000i\000o\000n}{}% 33
\BOOKMARK [2][-]{subsection.6.1}{\376\377\000D\000e\000e\000p\000\040\000l\000e\000a\000r\000n\000i\000n\000g\000\040\000a\000l\000g\000o\000r\000i\000t\000h\000m\000\040\000s\000u\000r\000v\000e\000y\000\040\000\050\0006\0000\0000\040\023\0008\0000\0000\000\040\000w\000o\000r\000d\000s\000\051}{section.6}% 34
\BOOKMARK [2][-]{subsection.6.2}{\376\377\000C\000o\000m\000p\000a\000r\000a\000t\000i\000v\000e\000\040\000a\000n\000a\000l\000y\000s\000i\000s\000\040\000t\000a\000b\000l\000e}{section.6}% 35
\BOOKMARK [2][-]{subsection.6.3}{\376\377\000R\000e\000f\000l\000e\000c\000t\000i\000o\000n\000\040\000a\000n\000d\000\040\000c\000o\000n\000c\000l\000u\000s\000i\000o\000n\000s\000\040\000\050\0004\0000\0000\040\023\0005\0000\0000\000\040\000w\000o\000r\000d\000s\000\051}{section.6}% 36
\BOOKMARK [1][-]{appendix.A}{\376\377\000E\000x\000t\000e\000n\000d\000e\000d\000\040\000r\000e\000p\000r\000o\000d\000u\000c\000i\000b\000i\000l\000i\000t\000y\000\040\000c\000h\000e\000c\000k\000l\000i\000s\000t}{}% 37
\BOOKMARK [1][-]{appendix.B}{\376\377\000A\000p\000p\000e\000n\000d\000i\000x\000:\000\040\000p\000r\000e\000p\000r\000o\000c\000e\000s\000s\000i\000n\000g\000\040\000c\000o\000d\000e\000\040\000m\000a\000p}{}% 38
\BOOKMARK [1][-]{appendix.C}{\376\377\000A\000p\000p\000e\000n\000d\000i\000x\000:\000\040\000m\000a\000t\000h\000e\000m\000a\000t\000i\000c\000a\000l\000\040\000n\000o\000t\000a\000t\000i\000o\000n}{}% 39
\BOOKMARK [1][-]{appendix.D}{\376\377\000A\000p\000p\000e\000n\000d\000i\000x\000:\000\040\000g\000l\000o\000s\000s\000a\000r\000y\000\040\000o\000f\000\040\000m\000e\000t\000r\000i\000c\000s}{}% 40
\BOOKMARK [1][-]{appendix.E}{\376\377\000A\000p\000p\000e\000n\000d\000i\000x\000:\000\040\000e\000x\000t\000e\000n\000d\000e\000d\000\040\000T\000a\000s\000k\000\040\0001\000\040\000n\000a\000r\000r\000a\000t\000i\000v\000e\000s\000\040\000\050\0001\0005\0000\040\023\0002\0005\0000\000\040\000w\000o\000r\000d\000s\000\040\000e\000a\000c\000h\000\051}{}% 41
\BOOKMARK [1][-]{appendix.F}{\376\377\000A\000p\000p\000e\000n\000d\000i\000x\000:\000\040\000e\000x\000t\000e\000n\000d\000e\000d\000\040\000T\000a\000s\000k\000\040\0006\000\040\000s\000u\000r\000v\000e\000y\000\040\000m\000a\000t\000e\000r\000i\000a\000l}{}% 42
\BOOKMARK [1][-]{appendix.G}{\376\377\000A\000p\000p\000e\000n\000d\000i\000x\000:\000\040\000e\000t\000h\000i\000c\000a\000l\000\040\000s\000c\000e\000n\000a\000r\000i\000o\000s\000\040\000\050\000d\000e\000p\000l\000o\000y\000m\000e\000n\000t\000\051}{}% 43
\BOOKMARK [1][-]{appendix.H}{\376\377\000A\000p\000p\000e\000n\000d\000i\000x\000:\000\040\000F\000A\000Q\000\040\000c\000r\000o\000s\000s\000w\000a\000l\000k}{}% 44
\BOOKMARK [1][-]{appendix.I}{\376\377\000A\000p\000p\000e\000n\000d\000i\000x\000:\000\040\000n\000o\000t\000a\000t\000i\000o\000n\000\040\000r\000e\000f\000e\000r\000e\000n\000c\000e\000\040\000f\000o\000r\000\040\000d\000e\000e\000p\000\040\000l\000e\000a\000r\000n\000i\000n\000g}{}% 45
\BOOKMARK [1][-]{appendix.J}{\376\377\000A\000p\000p\000e\000n\000d\000i\000x\000:\000\040\000e\000x\000t\000e\000n\000d\000e\000d\000\040\000b\000i\000b\000l\000i\000o\000g\000r\000a\000p\000h\000y\000\040\000n\000o\000t\000e\000s}{}% 46
\BOOKMARK [1][-]{appendix.K}{\376\377\000A\000p\000p\000e\000n\000d\000i\000x\000:\000\040\000c\000h\000e\000c\000k\000l\000i\000s\000t\000\040\000b\000e\000f\000o\000r\000e\000\040\000z\000i\000p\000p\000i\000n\000g\000\040\000s\000u\000b\000m\000i\000s\000s\000i\000o\000n}{}% 47
\BOOKMARK [1][-]{appendix.L}{\376\377\000A\000p\000p\000e\000n\000d\000i\000x\000:\000\040\000d\000u\000p\000l\000i\000c\000a\000t\000e\000\040\000c\000o\000m\000p\000a\000r\000i\000s\000o\000n\000\040\000t\000a\000b\000l\000e\000\040\000f\000o\000r\000\040\000p\000r\000i\000n\000t\000\040\000r\000e\000a\000d\000a\000b\000i\000l\000i\000t\000y}{}% 48
\BOOKMARK [2][-]{subsection.L.1}{\376\377\000C\000o\000m\000p\000a\000r\000i\000s\000o\000n\000\040\000t\000a\000b\000l\000e}{appendix.L}% 49
\BOOKMARK [1][-]{appendix.M}{\376\377\000A\000p\000p\000e\000n\000d\000i\000x\000:\000\040\000s\000o\000f\000t\000w\000a\000r\000e\000\040\000e\000n\000g\000i\000n\000e\000e\000r\000i\000n\000g\000\040\000n\000o\000t\000e\000s}{}% 50
\BOOKMARK [1][-]{appendix.N}{\376\377\000A\000p\000p\000e\000n\000d\000i\000x\000:\000\040\000p\000o\000t\000e\000n\000t\000i\000a\000l\000\040\000e\000x\000t\000e\000n\000s\000i\000o\000n\000s\000\040\000\050\000e\000x\000t\000r\000a\000\040\000c\000r\000e\000d\000i\000t\000\040\000c\000r\000e\000a\000t\000i\000v\000i\000t\000y\000\051}{}% 51
\BOOKMARK [1][-]{appendix.O}{\376\377\000A\000p\000p\000e\000n\000d\000i\000x\000:\000\040\000d\000a\000t\000a\000\040\000c\000a\000r\000d\000s\000\040\000\050\000d\000a\000t\000a\000s\000e\000t\000s\000\051}{}% 52
\BOOKMARK [1][-]{appendix.P}{\376\377\000A\000p\000p\000e\000n\000d\000i\000x\000:\000\040\000s\000t\000u\000d\000e\000n\000t\000\040\000i\000n\000s\000t\000r\000u\000c\000t\000i\000o\000n\000s\000\040\000f\000o\000r\000\040\000c\000o\000m\000p\000i\000l\000i\000n\000g\000\040\000p\000a\000g\000e\000\040\000c\000o\000u\000n\000t}{}% 53
